exports[`FilmInfo shallow renders as expected 1`] = `null`;
